2026-08-26 16:06:23 - Archivo agregado a la cola: archivo2.txt
2026-08-26 16:06:23 - Archivo agregado a la cola: archivo3.txt
2026-08-26 16:06:23 - Archivo agregado a la cola: archivo1.txt
2026-08-26 16:06:23 - Procesado correctamente: archivo2.txt
2026-08-26 16:06:23 - Procesado correctamente: archivo3.txt
2026-08-26 16:06:23 - Procesado correctamente: archivo1.txt
2026-08-26 16:06:23 - Ejecución finalizada correctamente
2026-08-28 15:20:11 - Ejecución finalizada correctamente
2026-08-28 15:20:40 - Ejecución finalizada correctamente
2026-08-28 18:05:31 - Ejecución finalizada correctamente
2026-08-28 18:07:56 - Ejecución finalizada correctamente
2026-08-28 18:08:05 - Ejecución finalizada correctamente
2026-08-28 18:08:11 - Ejecución finalizada correctamente
2026-08-28 18:08:20 - Ejecución finalizada correctamente
2026-08-28 18:08:43 - Ejecución finalizada correctamente
2026-08-28 18:10:06 - Ejecución finalizada correctamente
2026-08-28 18:10:43 - Ejecución finalizada correctamente
2026-08-28 18:29:47 - Ejecución finalizada correctamente
2026-08-28 18:30:01 - Ejecución finalizada correctamente
2026-08-28 18:30:08 - Ejecución finalizada correctamente
2026-08-28 18:30:14 - Ejecución finalizada correctamente
2026-08-28 18:30:28 - Ejecución finalizada correctamente
2026-08-28 18:38:47 - Ejecución finalizada correctamente
2026-08-28 18:39:14 - Ejecución finalizada correctamente
2026-08-28 18:39:43 - Ejecución finalizada correctamente
2026-08-28 18:39:47 - Ejecución finalizada correctamente
2026-08-28 18:40:35 - Ejecución finalizada correctamente
2026-08-28 18:49:39 - Ejecución finalizada correctamente
2026-08-28 18:53:20 - Ejecución finalizada correctamente
2026-08-28 18:58:18 - Ejecución finalizada correctamente
2026-08-28 18:59:22 - Ejecución finalizada correctamente
2026-08-28 19:01:27 - Ejecución finalizada correctamente
2026-08-28 19:03:47 - Ejecución finalizada correctamente
2026-08-28 19:04:33 - Ejecución finalizada correctamente
2026-08-28 19:06:13 - Archivo agregado a la cola: archivo1.txt
2026-08-28 19:06:16 - Procesado correctamente: archivo1.txt
2026-08-28 19:06:16 - Ejecución finalizada correctamente
2026-08-28 19:06:26 - Ejecución finalizada correctamente
2026-08-28 19:07:06 - Archivo agregado a la cola: archivo1.txt
2026-08-28 19:07:11 - Procesado correctamente: archivo1.txt
2026-08-28 19:07:11 - Ejecución finalizada correctamente
2026-08-28 19:11:07 - Archivo agregado a la cola: archivo1.txt
2026-08-28 19:11:12 - Procesado correctamente: archivo1.txt
2026-08-28 19:11:12 - Ejecución finalizada correctamente
2026-08-28 19:11:56 - Archivo agregado a la cola: archivo1.txt
2026-08-28 19:12:01 - Procesado correctamente: archivo1.txt
2026-08-28 19:12:01 - Ejecución finalizada correctamente
2026-08-28 19:22:00 - Ejecución finalizada correctamente
2026-08-28 19:22:54 - Ejecución finalizada correctamente
2026-08-28 19:22:58 - Ejecución finalizada correctamente
2026-08-28 19:28:24 - Archivo agregado a la cola: archivo_44.txt
2026-08-28 19:28:24 - Archivo agregado a la cola: archivo_97.txt
2026-08-28 19:28:24 - Archivo agregado a la cola: archivo_18.txt
2026-08-28 19:28:24 - Archivo agregado a la cola: archivo_35.txt
2026-08-28 19:28:24 - Archivo agregado a la cola: archivo_54.txt
2026-08-28 19:28:24 - Archivo agregado a la cola: archivo_26.txt
2026-08-28 19:28:24 - Archivo agregado a la cola: archivo_11.txt
2026-08-28 19:28:24 - Archivo agregado a la cola: archivo_1.txt
2026-08-28 19:28:24 - Archivo agregado a la cola: archivo_95.txt
2026-08-28 19:28:24 - Archivo agregado a la cola: archivo_99.txt
2026-08-28 19:28:24 - Archivo agregado a la cola: archivo_23.txt
2026-08-28 19:28:24 - Procesado correctamente: archivo_97.txt
2026-08-28 19:28:24 - Procesado correctamente: archivo_18.txt
2026-08-28 19:28:24 - Procesado correctamente: archivo_44.txt
2026-08-28 19:28:24 - Procesado correctamente: archivo_54.txt
2026-08-28 19:28:24 - Archivo agregado a la cola: archivo_69.txt
2026-08-28 19:28:24 - Archivo agregado a la cola: archivo_51.txt
2026-08-28 19:28:24 - Archivo agregado a la cola: archivo_49.txt
2026-08-28 19:28:24 - Archivo agregado a la cola: archivo_21.txt
2026-08-28 19:28:24 - Archivo agregado a la cola: archivo_46.txt
2026-08-28 19:28:24 - Archivo agregado a la cola: archivo_5.txt
2026-08-28 19:28:24 - Archivo agregado a la cola: archivo_33.txt
2026-08-28 19:28:24 - Archivo agregado a la cola: archivo_84.txt
2026-08-28 19:28:24 - Archivo agregado a la cola: archivo_63.txt
2026-08-28 19:28:24 - Archivo agregado a la cola: archivo_50.txt
2026-08-28 19:28:24 - Archivo agregado a la cola: archivo_48.txt
2026-08-28 19:28:24 - Archivo agregado a la cola: archivo_10.txt
2026-08-28 19:28:24 - Archivo agregado a la cola: archivo_66.txt
2026-08-28 19:28:24 - Procesado correctamente: archivo_26.txt
2026-08-28 19:28:24 - Procesado correctamente: archivo_11.txt
2026-08-28 19:28:24 - Procesado correctamente: archivo_35.txt
2026-08-28 19:28:24 - Archivo agregado a la cola: archivo_7.txt
2026-08-28 19:28:24 - Archivo agregado a la cola: archivo_9.txt
2026-08-28 19:28:24 - Archivo agregado a la cola: archivo_73.txt
2026-08-28 19:28:24 - Archivo agregado a la cola: archivo_90.txt
2026-08-28 19:28:24 - Archivo agregado a la cola: archivo_28.txt
2026-08-28 19:28:24 - Procesado correctamente: archivo_1.txt
2026-08-28 19:28:24 - Procesado correctamente: archivo_99.txt
2026-08-28 19:28:24 - Procesado correctamente: archivo_95.txt
2026-08-28 19:28:24 - Archivo agregado a la cola: archivo_83.txt
2026-08-28 19:28:24 - Archivo agregado a la cola: archivo_6.txt
2026-08-28 19:28:24 - Archivo agregado a la cola: archivo_68.txt
2026-08-28 19:28:24 - Archivo agregado a la cola: archivo_27.txt
2026-08-28 19:28:24 - Archivo agregado a la cola: archivo_2.txt
2026-08-28 19:28:24 - Archivo agregado a la cola: archivo_39.txt
2026-08-28 19:28:24 - Archivo agregado a la cola: archivo_59.txt
2026-08-28 19:28:24 - Archivo agregado a la cola: archivo_43.txt
2026-08-28 19:28:24 - Archivo agregado a la cola: archivo_19.txt
2026-08-28 19:28:24 - Archivo agregado a la cola: archivo_42.txt
2026-08-28 19:28:24 - Archivo agregado a la cola: archivo_57.txt
2026-08-28 19:28:24 - Procesado correctamente: archivo_69.txt
2026-08-28 19:28:24 - Procesado correctamente: archivo_51.txt
2026-08-28 19:28:24 - Procesado correctamente: archivo_23.txt
2026-08-28 19:28:24 - Archivo agregado a la cola: archivo_80.txt
2026-08-28 19:28:24 - Archivo agregado a la cola: archivo_79.txt
2026-08-28 19:28:24 - Archivo agregado a la cola: archivo_92.txt
2026-08-28 19:28:24 - Archivo agregado a la cola: archivo_70.txt
2026-08-28 19:28:24 - Archivo agregado a la cola: archivo_58.txt
2026-08-28 19:28:24 - Archivo agregado a la cola: archivo_4.txt
2026-08-28 19:28:24 - Archivo agregado a la cola: archivo_93.txt
2026-08-28 19:28:24 - Archivo agregado a la cola: archivo_16.txt
2026-08-28 19:28:24 - Archivo agregado a la cola: archivo_20.txt
2026-08-28 19:28:24 - Archivo agregado a la cola: archivo_40.txt
2026-08-28 19:28:24 - Archivo agregado a la cola: archivo_98.txt
2026-08-28 19:28:24 - Archivo agregado a la cola: archivo_17.txt
2026-08-28 19:28:24 - Archivo agregado a la cola: archivo_25.txt
2026-08-28 19:28:24 - Archivo agregado a la cola: archivo_72.txt
2026-08-28 19:28:24 - Archivo agregado a la cola: archivo_82.txt
2026-08-28 19:28:24 - Archivo agregado a la cola: archivo_88.txt
2026-08-28 19:28:24 - Archivo agregado a la cola: archivo_75.txt
2026-08-28 19:28:24 - Archivo agregado a la cola: archivo_41.txt
2026-08-28 19:28:24 - Procesado correctamente: archivo_49.txt
2026-08-28 19:28:24 - Procesado correctamente: archivo_21.txt
2026-08-28 19:28:24 - Archivo agregado a la cola: archivo_89.txt
2026-08-28 19:28:24 - Archivo agregado a la cola: archivo_36.txt
2026-08-28 19:28:24 - Procesado correctamente: archivo_46.txt
2026-08-28 19:28:24 - Procesado correctamente: archivo_84.txt
2026-08-28 19:28:24 - Procesado correctamente: archivo_33.txt
2026-08-28 19:28:24 - Archivo agregado a la cola: archivo_34.txt
2026-08-28 19:28:24 - Archivo agregado a la cola: archivo_71.txt
2026-08-28 19:28:24 - Procesado correctamente: archivo_5.txt
2026-08-28 19:28:24 - Procesado correctamente: archivo_48.txt
2026-08-28 19:28:24 - Archivo agregado a la cola: archivo_94.txt
2026-08-28 19:28:24 - Archivo agregado a la cola: archivo_96.txt
2026-08-28 19:28:24 - Archivo agregado a la cola: archivo_87.txt
2026-08-28 19:28:24 - Archivo agregado a la cola: archivo_29.txt
2026-08-28 19:28:24 - Archivo agregado a la cola: archivo_37.txt
2026-08-28 19:28:24 - Archivo agregado a la cola: archivo_65.txt
2026-08-28 19:28:24 - Procesado correctamente: archivo_63.txt
2026-08-28 19:28:24 - Procesado correctamente: archivo_66.txt
2026-08-28 19:28:24 - Archivo agregado a la cola: archivo_22.txt
2026-08-28 19:28:24 - Archivo agregado a la cola: archivo_14.txt
2026-08-28 19:28:24 - Archivo agregado a la cola: archivo_12.txt
2026-08-28 19:28:24 - Archivo agregado a la cola: archivo_32.txt
2026-08-28 19:28:24 - Archivo agregado a la cola: archivo_61.txt
2026-08-28 19:28:24 - Archivo agregado a la cola: archivo_24.txt
2026-08-28 19:28:24 - Procesado correctamente: archivo_50.txt
2026-08-28 19:28:24 - Procesado correctamente: archivo_10.txt
2026-08-28 19:28:24 - Archivo agregado a la cola: archivo_76.txt
2026-08-28 19:28:24 - Archivo agregado a la cola: archivo_52.txt
2026-08-28 19:28:24 - Archivo agregado a la cola: archivo_78.txt
2026-08-28 19:28:24 - Archivo agregado a la cola: archivo_77.txt
2026-08-28 19:28:24 - Archivo agregado a la cola: archivo_100.txt
2026-08-28 19:28:24 - Archivo agregado a la cola: archivo_86.txt
2026-08-28 19:28:24 - Archivo agregado a la cola: archivo_13.txt
2026-08-28 19:28:24 - Archivo agregado a la cola: archivo_31.txt
2026-08-28 19:28:24 - Archivo agregado a la cola: archivo_3.txt
2026-08-28 19:28:24 - Archivo agregado a la cola: archivo_8.txt
2026-08-28 19:28:24 - Archivo agregado a la cola: archivo_30.txt
2026-08-28 19:28:24 - Archivo agregado a la cola: archivo_91.txt
2026-08-28 19:28:24 - Archivo agregado a la cola: archivo_60.txt
2026-08-28 19:28:24 - Archivo agregado a la cola: archivo_53.txt
2026-08-28 19:28:24 - Archivo agregado a la cola: archivo_64.txt
2026-08-28 19:28:24 - Archivo agregado a la cola: archivo_15.txt
2026-08-28 19:28:24 - Archivo agregado a la cola: archivo_62.txt
2026-08-28 19:28:24 - Archivo agregado a la cola: archivo_47.txt
2026-08-28 19:28:24 - Archivo agregado a la cola: archivo_81.txt
2026-08-28 19:28:24 - Archivo agregado a la cola: archivo_74.txt
2026-08-28 19:28:24 - Archivo agregado a la cola: archivo_67.txt
2026-08-28 19:28:24 - Archivo agregado a la cola: archivo_55.txt
2026-08-28 19:28:24 - Archivo agregado a la cola: archivo_85.txt
2026-08-28 19:28:24 - Archivo agregado a la cola: archivo_38.txt
2026-08-28 19:28:24 - Archivo agregado a la cola: archivo_56.txt
2026-08-28 19:28:24 - Archivo agregado a la cola: archivo_45.txt
2026-08-28 19:28:24 - Procesado correctamente: archivo_73.txt
2026-08-28 19:28:24 - Procesado correctamente: archivo_7.txt
2026-08-28 19:28:24 - Procesado correctamente: archivo_9.txt
2026-08-28 19:28:24 - Procesado correctamente: archivo_28.txt
2026-08-28 19:28:24 - Procesado correctamente: archivo_83.txt
2026-08-28 19:28:24 - Procesado correctamente: archivo_90.txt
2026-08-28 19:28:24 - Procesado correctamente: archivo_6.txt
2026-08-28 19:28:24 - Procesado correctamente: archivo_68.txt
2026-08-28 19:28:24 - Procesado correctamente: archivo_39.txt
2026-08-28 19:28:24 - Procesado correctamente: archivo_2.txt
2026-08-28 19:28:24 - Procesado correctamente: archivo_27.txt
2026-08-28 19:28:24 - Procesado correctamente: archivo_59.txt
2026-08-28 19:28:24 - Procesado correctamente: archivo_43.txt
2026-08-28 19:28:24 - Procesado correctamente: archivo_19.txt
2026-08-28 19:28:24 - Procesado correctamente: archivo_42.txt
2026-08-28 19:28:24 - Procesado correctamente: archivo_80.txt
2026-08-28 19:28:24 - Procesado correctamente: archivo_57.txt
2026-08-28 19:28:24 - Procesado correctamente: archivo_92.txt
2026-08-28 19:28:24 - Procesado correctamente: archivo_70.txt
2026-08-28 19:28:24 - Procesado correctamente: archivo_58.txt
2026-08-28 19:28:24 - Procesado correctamente: archivo_79.txt
2026-08-28 19:28:24 - Procesado correctamente: archivo_93.txt
2026-08-28 19:28:24 - Procesado correctamente: archivo_16.txt
2026-08-28 19:28:24 - Procesado correctamente: archivo_20.txt
2026-08-28 19:28:24 - Procesado correctamente: archivo_4.txt
2026-08-28 19:28:24 - Procesado correctamente: archivo_40.txt
2026-08-28 19:28:24 - Procesado correctamente: archivo_98.txt
2026-08-28 19:28:24 - Procesado correctamente: archivo_17.txt
2026-08-28 19:28:24 - Procesado correctamente: archivo_72.txt
2026-08-28 19:28:24 - Procesado correctamente: archivo_88.txt
2026-08-28 19:28:24 - Procesado correctamente: archivo_25.txt
2026-08-28 19:28:24 - Procesado correctamente: archivo_75.txt
2026-08-28 19:28:24 - Procesado correctamente: archivo_89.txt
2026-08-28 19:28:24 - Procesado correctamente: archivo_82.txt
2026-08-28 19:28:24 - Procesado correctamente: archivo_41.txt
2026-08-28 19:28:24 - Procesado correctamente: archivo_34.txt
2026-08-28 19:28:24 - Procesado correctamente: archivo_36.txt
2026-08-28 19:28:24 - Procesado correctamente: archivo_96.txt
2026-08-28 19:28:24 - Procesado correctamente: archivo_71.txt
2026-08-28 19:28:24 - Procesado correctamente: archivo_87.txt
2026-08-28 19:28:24 - Procesado correctamente: archivo_29.txt
2026-08-28 19:28:24 - Procesado correctamente: archivo_94.txt
2026-08-28 19:28:24 - Procesado correctamente: archivo_37.txt
2026-08-28 19:28:24 - Procesado correctamente: archivo_65.txt
2026-08-28 19:28:24 - Procesado correctamente: archivo_14.txt
2026-08-28 19:28:24 - Procesado correctamente: archivo_22.txt
2026-08-28 19:28:24 - Procesado correctamente: archivo_12.txt
2026-08-28 19:28:24 - Procesado correctamente: archivo_61.txt
2026-08-28 19:28:24 - Procesado correctamente: archivo_24.txt
2026-08-28 19:28:24 - Procesado correctamente: archivo_32.txt
2026-08-28 19:28:24 - Procesado correctamente: archivo_76.txt
2026-08-28 19:28:24 - Procesado correctamente: archivo_78.txt
2026-08-28 19:28:24 - Procesado correctamente: archivo_52.txt
2026-08-28 19:28:24 - Procesado correctamente: archivo_100.txt
2026-08-28 19:28:24 - Procesado correctamente: archivo_77.txt
2026-08-28 19:28:24 - Procesado correctamente: archivo_86.txt
2026-08-28 19:28:24 - Procesado correctamente: archivo_3.txt
2026-08-28 19:28:24 - Procesado correctamente: archivo_31.txt
2026-08-28 19:28:24 - Procesado correctamente: archivo_13.txt
2026-08-28 19:28:24 - Procesado correctamente: archivo_8.txt
2026-08-28 19:28:24 - Procesado correctamente: archivo_91.txt
2026-08-28 19:28:24 - Procesado correctamente: archivo_30.txt
2026-08-28 19:28:24 - Procesado correctamente: archivo_53.txt
2026-08-28 19:28:24 - Procesado correctamente: archivo_60.txt
2026-08-28 19:28:24 - Procesado correctamente: archivo_62.txt
2026-08-28 19:28:24 - Procesado correctamente: archivo_47.txt
2026-08-28 19:28:24 - Procesado correctamente: archivo_64.txt
2026-08-28 19:28:24 - Procesado correctamente: archivo_74.txt
2026-08-28 19:28:24 - Procesado correctamente: archivo_81.txt
2026-08-28 19:28:24 - Procesado correctamente: archivo_55.txt
2026-08-28 19:28:24 - Procesado correctamente: archivo_67.txt
2026-08-28 19:28:24 - Procesado correctamente: archivo_15.txt
2026-08-28 19:28:24 - Procesado correctamente: archivo_38.txt
2026-08-28 19:28:24 - Procesado correctamente: archivo_85.txt
2026-08-28 19:28:24 - Procesado correctamente: archivo_45.txt
2026-08-28 19:28:24 - Procesado correctamente: archivo_56.txt
2026-08-28 19:28:24 - Ejecución finalizada correctamente
2026-08-28 19:29:43 - Archivo agregado a la cola: archivo_44.txt
2026-08-28 19:29:43 - Archivo agregado a la cola: archivo_97.txt
2026-08-28 19:29:43 - Archivo agregado a la cola: archivo_18.txt
2026-08-28 19:29:43 - Archivo agregado a la cola: archivo_35.txt
2026-08-28 19:29:43 - Archivo agregado a la cola: archivo_54.txt
2026-08-28 19:29:43 - Archivo agregado a la cola: archivo_26.txt
2026-08-28 19:29:43 - Archivo agregado a la cola: archivo_11.txt
2026-08-28 19:29:43 - Archivo agregado a la cola: archivo_1.txt
2026-08-28 19:29:43 - Archivo agregado a la cola: archivo_95.txt
2026-08-28 19:29:43 - Archivo agregado a la cola: archivo_99.txt
2026-08-28 19:29:43 - Archivo agregado a la cola: archivo_23.txt
2026-08-28 19:29:43 - Archivo agregado a la cola: archivo_69.txt
2026-08-28 19:29:43 - Archivo agregado a la cola: archivo_51.txt
2026-08-28 19:29:43 - Archivo agregado a la cola: archivo_49.txt
2026-08-28 19:29:43 - Archivo agregado a la cola: archivo_21.txt
2026-08-28 19:29:43 - Archivo agregado a la cola: archivo_46.txt
2026-08-28 19:29:43 - Archivo agregado a la cola: archivo_5.txt
2026-08-28 19:29:43 - Archivo agregado a la cola: archivo_33.txt
2026-08-28 19:29:43 - Archivo agregado a la cola: archivo_84.txt
2026-08-28 19:29:43 - Archivo agregado a la cola: archivo_63.txt
2026-08-28 19:29:43 - Archivo agregado a la cola: archivo_50.txt
2026-08-28 19:29:43 - Archivo agregado a la cola: archivo_48.txt
2026-08-28 19:29:43 - Procesado correctamente: archivo_44.txt
2026-08-28 19:29:43 - Procesado correctamente: archivo_97.txt
2026-08-28 19:29:43 - Archivo agregado a la cola: archivo_10.txt
2026-08-28 19:29:43 - Procesado correctamente: archivo_18.txt
2026-08-28 19:29:43 - Procesado correctamente: archivo_35.txt
2026-08-28 19:29:43 - Procesado correctamente: archivo_26.txt
2026-08-28 19:29:43 - Archivo agregado a la cola: archivo_66.txt
2026-08-28 19:29:43 - Archivo agregado a la cola: archivo_7.txt
2026-08-28 19:29:43 - Archivo agregado a la cola: archivo_9.txt
2026-08-28 19:29:43 - Archivo agregado a la cola: archivo_73.txt
2026-08-28 19:29:43 - Archivo agregado a la cola: archivo_90.txt
2026-08-28 19:29:43 - Archivo agregado a la cola: archivo_28.txt
2026-08-28 19:29:43 - Archivo agregado a la cola: archivo_83.txt
2026-08-28 19:29:43 - Archivo agregado a la cola: archivo_6.txt
2026-08-28 19:29:43 - Procesado correctamente: archivo_11.txt
2026-08-28 19:29:43 - Procesado correctamente: archivo_54.txt
2026-08-28 19:29:43 - Archivo agregado a la cola: archivo_68.txt
2026-08-28 19:29:43 - Archivo agregado a la cola: archivo_27.txt
2026-08-28 19:29:43 - Archivo agregado a la cola: archivo_2.txt
2026-08-28 19:29:43 - Archivo agregado a la cola: archivo_39.txt
2026-08-28 19:29:43 - Archivo agregado a la cola: archivo_59.txt
2026-08-28 19:29:43 - Archivo agregado a la cola: archivo_43.txt
2026-08-28 19:29:43 - Archivo agregado a la cola: archivo_19.txt
2026-08-28 19:29:43 - Archivo agregado a la cola: archivo_42.txt
2026-08-28 19:29:43 - Archivo agregado a la cola: archivo_57.txt
2026-08-28 19:29:43 - Archivo agregado a la cola: archivo_80.txt
2026-08-28 19:29:43 - Archivo agregado a la cola: archivo_79.txt
2026-08-28 19:29:43 - Archivo agregado a la cola: archivo_92.txt
2026-08-28 19:29:43 - Archivo agregado a la cola: archivo_70.txt
2026-08-28 19:29:43 - Archivo agregado a la cola: archivo_58.txt
2026-08-28 19:29:43 - Archivo agregado a la cola: archivo_4.txt
2026-08-28 19:29:43 - Archivo agregado a la cola: archivo_93.txt
2026-08-28 19:29:43 - Archivo agregado a la cola: archivo_16.txt
2026-08-28 19:29:43 - Archivo agregado a la cola: archivo_20.txt
2026-08-28 19:29:43 - Archivo agregado a la cola: archivo_40.txt
2026-08-28 19:29:43 - Procesado correctamente: archivo_99.txt
2026-08-28 19:29:43 - Archivo agregado a la cola: archivo_98.txt
2026-08-28 19:29:43 - Archivo agregado a la cola: archivo_17.txt
2026-08-28 19:29:43 - Procesado correctamente: archivo_1.txt
2026-08-28 19:29:43 - Archivo agregado a la cola: archivo_25.txt
2026-08-28 19:29:43 - Procesado correctamente: archivo_95.txt
2026-08-28 19:29:43 - Procesado correctamente: archivo_23.txt
2026-08-28 19:29:43 - Procesado correctamente: archivo_51.txt
2026-08-28 19:29:43 - Archivo agregado a la cola: archivo_72.txt
2026-08-28 19:29:43 - Archivo agregado a la cola: archivo_82.txt
2026-08-28 19:29:43 - Archivo agregado a la cola: archivo_88.txt
2026-08-28 19:29:43 - Archivo agregado a la cola: archivo_75.txt
2026-08-28 19:29:43 - Archivo agregado a la cola: archivo_41.txt
2026-08-28 19:29:43 - Archivo agregado a la cola: archivo_89.txt
2026-08-28 19:29:43 - Archivo agregado a la cola: archivo_36.txt
2026-08-28 19:29:43 - Archivo agregado a la cola: archivo_34.txt
2026-08-28 19:29:43 - Archivo agregado a la cola: archivo_71.txt
2026-08-28 19:29:43 - Archivo agregado a la cola: archivo_94.txt
2026-08-28 19:29:43 - Archivo agregado a la cola: archivo_96.txt
2026-08-28 19:29:43 - Archivo agregado a la cola: archivo_87.txt
2026-08-28 19:29:43 - Archivo agregado a la cola: archivo_29.txt
2026-08-28 19:29:43 - Archivo agregado a la cola: archivo_37.txt
2026-08-28 19:29:43 - Archivo agregado a la cola: archivo_65.txt
2026-08-28 19:29:43 - Archivo agregado a la cola: archivo_22.txt
2026-08-28 19:29:43 - Archivo agregado a la cola: archivo_14.txt
2026-08-28 19:29:43 - Archivo agregado a la cola: archivo_12.txt
2026-08-28 19:29:43 - Archivo agregado a la cola: archivo_32.txt
2026-08-28 19:29:43 - Archivo agregado a la cola: archivo_61.txt
2026-08-28 19:29:43 - Archivo agregado a la cola: archivo_24.txt
2026-08-28 19:29:43 - Archivo agregado a la cola: archivo_76.txt
2026-08-28 19:29:43 - Archivo agregado a la cola: archivo_52.txt
2026-08-28 19:29:43 - Archivo agregado a la cola: archivo_78.txt
2026-08-28 19:29:43 - Procesado correctamente: archivo_21.txt
2026-08-28 19:29:43 - Archivo agregado a la cola: archivo_77.txt
2026-08-28 19:29:43 - Procesado correctamente: archivo_49.txt
2026-08-28 19:29:43 - Procesado correctamente: archivo_69.txt
2026-08-28 19:29:43 - Archivo agregado a la cola: archivo_100.txt
2026-08-28 19:29:43 - Archivo agregado a la cola: archivo_86.txt
2026-08-28 19:29:43 - Archivo agregado a la cola: archivo_13.txt
2026-08-28 19:29:43 - Archivo agregado a la cola: archivo_31.txt
2026-08-28 19:29:43 - Archivo agregado a la cola: archivo_3.txt
2026-08-28 19:29:43 - Archivo agregado a la cola: archivo_8.txt
2026-08-28 19:29:43 - Archivo agregado a la cola: archivo_30.txt
2026-08-28 19:29:43 - Archivo agregado a la cola: archivo_91.txt
2026-08-28 19:29:43 - Archivo agregado a la cola: archivo_60.txt
2026-08-28 19:29:43 - Archivo agregado a la cola: archivo_53.txt
2026-08-28 19:29:43 - Archivo agregado a la cola: archivo_64.txt
2026-08-28 19:29:43 - Archivo agregado a la cola: archivo_15.txt
2026-08-28 19:29:43 - Procesado correctamente: archivo_46.txt
2026-08-28 19:29:43 - Procesado correctamente: archivo_33.txt
2026-08-28 19:29:43 - Procesado correctamente: archivo_5.txt
2026-08-28 19:29:43 - Archivo agregado a la cola: archivo_62.txt
2026-08-28 19:29:43 - Archivo agregado a la cola: archivo_47.txt
2026-08-28 19:29:43 - Archivo agregado a la cola: archivo_81.txt
2026-08-28 19:29:43 - Archivo agregado a la cola: archivo_74.txt
2026-08-28 19:29:43 - Archivo agregado a la cola: archivo_67.txt
2026-08-28 19:29:43 - Archivo agregado a la cola: archivo_55.txt
2026-08-28 19:29:43 - Archivo agregado a la cola: archivo_85.txt
2026-08-28 19:29:43 - Archivo agregado a la cola: archivo_38.txt
2026-08-28 19:29:43 - Archivo agregado a la cola: archivo_56.txt
2026-08-28 19:29:43 - Archivo agregado a la cola: archivo_45.txt
2026-08-28 19:29:43 - Procesado correctamente: archivo_63.txt
2026-08-28 19:29:43 - Procesado correctamente: archivo_84.txt
2026-08-28 19:29:43 - Procesado correctamente: archivo_50.txt
2026-08-28 19:29:43 - Procesado correctamente: archivo_48.txt
2026-08-28 19:29:43 - Procesado correctamente: archivo_66.txt
2026-08-28 19:29:43 - Procesado correctamente: archivo_7.txt
2026-08-28 19:29:43 - Procesado correctamente: archivo_10.txt
2026-08-28 19:29:43 - Procesado correctamente: archivo_73.txt
2026-08-28 19:29:43 - Procesado correctamente: archivo_28.txt
2026-08-28 19:29:43 - Procesado correctamente: archivo_9.txt
2026-08-28 19:29:43 - Procesado correctamente: archivo_83.txt
2026-08-28 19:29:43 - Procesado correctamente: archivo_68.txt
2026-08-28 19:29:43 - Procesado correctamente: archivo_90.txt
2026-08-28 19:29:43 - Procesado correctamente: archivo_27.txt
2026-08-28 19:29:43 - Procesado correctamente: archivo_6.txt
2026-08-28 19:29:43 - Procesado correctamente: archivo_39.txt
2026-08-28 19:29:43 - Procesado correctamente: archivo_59.txt
2026-08-28 19:29:43 - Procesado correctamente: archivo_43.txt
2026-08-28 19:29:43 - Procesado correctamente: archivo_19.txt
2026-08-28 19:29:43 - Procesado correctamente: archivo_2.txt
2026-08-28 19:29:43 - Procesado correctamente: archivo_57.txt
2026-08-28 19:29:43 - Procesado correctamente: archivo_42.txt
2026-08-28 19:29:43 - Procesado correctamente: archivo_79.txt
2026-08-28 19:29:43 - Procesado correctamente: archivo_80.txt
2026-08-28 19:29:43 - Procesado correctamente: archivo_92.txt
2026-08-28 19:29:43 - Procesado correctamente: archivo_58.txt
2026-08-28 19:29:43 - Procesado correctamente: archivo_70.txt
2026-08-28 19:29:43 - Procesado correctamente: archivo_93.txt
2026-08-28 19:29:43 - Procesado correctamente: archivo_4.txt
2026-08-28 19:29:43 - Procesado correctamente: archivo_40.txt
2026-08-28 19:29:43 - Procesado correctamente: archivo_20.txt
2026-08-28 19:29:43 - Procesado correctamente: archivo_17.txt
2026-08-28 19:29:43 - Procesado correctamente: archivo_16.txt
2026-08-28 19:29:43 - Procesado correctamente: archivo_98.txt
2026-08-28 19:29:43 - Procesado correctamente: archivo_25.txt
2026-08-28 19:29:43 - Procesado correctamente: archivo_82.txt
2026-08-28 19:29:43 - Procesado correctamente: archivo_72.txt
2026-08-28 19:29:43 - Procesado correctamente: archivo_88.txt
2026-08-28 19:29:43 - Procesado correctamente: archivo_75.txt
2026-08-28 19:29:43 - Procesado correctamente: archivo_41.txt
2026-08-28 19:29:43 - Procesado correctamente: archivo_89.txt
2026-08-28 19:29:43 - Procesado correctamente: archivo_71.txt
2026-08-28 19:29:43 - Procesado correctamente: archivo_34.txt
2026-08-28 19:29:43 - Procesado correctamente: archivo_36.txt
2026-08-28 19:29:43 - Procesado correctamente: archivo_94.txt
2026-08-28 19:29:43 - Procesado correctamente: archivo_87.txt
2026-08-28 19:29:43 - Procesado correctamente: archivo_96.txt
2026-08-28 19:29:43 - Procesado correctamente: archivo_29.txt
2026-08-28 19:29:43 - Procesado correctamente: archivo_37.txt
2026-08-28 19:29:43 - Procesado correctamente: archivo_14.txt
2026-08-28 19:29:43 - Procesado correctamente: archivo_22.txt
2026-08-28 19:29:43 - Procesado correctamente: archivo_32.txt
2026-08-28 19:29:43 - Procesado correctamente: archivo_12.txt
2026-08-28 19:29:43 - Procesado correctamente: archivo_24.txt
2026-08-28 19:29:43 - Procesado correctamente: archivo_61.txt
2026-08-28 19:29:43 - Procesado correctamente: archivo_65.txt
2026-08-28 19:29:43 - Procesado correctamente: archivo_52.txt
2026-08-28 19:29:43 - Procesado correctamente: archivo_76.txt
2026-08-28 19:29:43 - Procesado correctamente: archivo_100.txt
2026-08-28 19:29:43 - Procesado correctamente: archivo_78.txt
2026-08-28 19:29:43 - Procesado correctamente: archivo_86.txt
2026-08-28 19:29:43 - Procesado correctamente: archivo_13.txt
2026-08-28 19:29:43 - Procesado correctamente: archivo_77.txt
2026-08-28 19:29:43 - Procesado correctamente: archivo_3.txt
2026-08-28 19:29:43 - Procesado correctamente: archivo_8.txt
2026-08-28 19:29:43 - Procesado correctamente: archivo_31.txt
2026-08-28 19:29:43 - Procesado correctamente: archivo_60.txt
2026-08-28 19:29:43 - Procesado correctamente: archivo_91.txt
2026-08-28 19:29:43 - Procesado correctamente: archivo_30.txt
2026-08-28 19:29:43 - Procesado correctamente: archivo_53.txt
2026-08-28 19:29:43 - Procesado correctamente: archivo_64.txt
2026-08-28 19:29:43 - Procesado correctamente: archivo_62.txt
2026-08-28 19:29:43 - Procesado correctamente: archivo_47.txt
2026-08-28 19:29:43 - Procesado correctamente: archivo_81.txt
2026-08-28 19:29:43 - Procesado correctamente: archivo_15.txt
2026-08-28 19:29:43 - Procesado correctamente: archivo_67.txt
2026-08-28 19:29:43 - Procesado correctamente: archivo_55.txt
2026-08-28 19:29:43 - Procesado correctamente: archivo_85.txt
2026-08-28 19:29:43 - Procesado correctamente: archivo_38.txt
2026-08-28 19:29:43 - Procesado correctamente: archivo_45.txt
2026-08-28 19:29:43 - Procesado correctamente: archivo_56.txt
2026-08-28 19:29:43 - Procesado correctamente: archivo_74.txt
2026-08-28 19:29:43 - Ejecución finalizada correctamente
2026-08-28 19:30:08 - Ejecución finalizada correctamente
2026-08-28 19:32:07 - Archivo agregado a la cola: archivo_44.txt
2026-08-28 19:32:07 - Archivo agregado a la cola: archivo_97.txt
2026-08-28 19:32:07 - Archivo agregado a la cola: archivo_18.txt
2026-08-28 19:32:07 - Archivo agregado a la cola: archivo_35.txt
2026-08-28 19:32:07 - Archivo agregado a la cola: archivo_54.txt
2026-08-28 19:32:07 - Archivo agregado a la cola: archivo_26.txt
2026-08-28 19:32:07 - Archivo agregado a la cola: archivo_11.txt
2026-08-28 19:32:07 - Archivo agregado a la cola: archivo_1.txt
2026-08-28 19:32:07 - Archivo agregado a la cola: archivo_95.txt
2026-08-28 19:32:07 - Archivo agregado a la cola: archivo_99.txt
2026-08-28 19:32:07 - Archivo agregado a la cola: archivo_23.txt
2026-08-28 19:32:07 - Archivo agregado a la cola: archivo_69.txt
2026-08-28 19:32:07 - Archivo agregado a la cola: archivo_51.txt
2026-08-28 19:32:07 - Archivo agregado a la cola: archivo_49.txt
2026-08-28 19:32:07 - Archivo agregado a la cola: archivo_21.txt
2026-08-28 19:32:07 - Archivo agregado a la cola: archivo_46.txt
2026-08-28 19:32:07 - Archivo agregado a la cola: archivo_5.txt
2026-08-28 19:32:07 - Archivo agregado a la cola: archivo_33.txt
2026-08-28 19:32:07 - Archivo agregado a la cola: archivo_84.txt
2026-08-28 19:32:07 - Archivo agregado a la cola: archivo_63.txt
2026-08-28 19:32:07 - Archivo agregado a la cola: archivo_50.txt
2026-08-28 19:32:07 - Archivo agregado a la cola: archivo_48.txt
2026-08-28 19:32:07 - Archivo agregado a la cola: archivo_10.txt
2026-08-28 19:32:07 - Archivo agregado a la cola: archivo_66.txt
2026-08-28 19:32:07 - Archivo agregado a la cola: archivo_7.txt
2026-08-28 19:32:07 - Archivo agregado a la cola: archivo_9.txt
2026-08-28 19:32:07 - Archivo agregado a la cola: archivo_73.txt
2026-08-28 19:32:07 - Archivo agregado a la cola: archivo_90.txt
2026-08-28 19:32:07 - Procesado correctamente: archivo_44.txt
2026-08-28 19:32:07 - Procesado correctamente: archivo_18.txt
2026-08-28 19:32:07 - Procesado correctamente: archivo_97.txt
2026-08-28 19:32:07 - Archivo agregado a la cola: archivo_28.txt
2026-08-28 19:32:07 - Archivo agregado a la cola: archivo_83.txt
2026-08-28 19:32:07 - Archivo agregado a la cola: archivo_6.txt
2026-08-28 19:32:07 - Archivo agregado a la cola: archivo_68.txt
2026-08-28 19:32:07 - Archivo agregado a la cola: archivo_27.txt
2026-08-28 19:32:07 - Archivo agregado a la cola: archivo_2.txt
2026-08-28 19:32:07 - Archivo agregado a la cola: archivo_39.txt
2026-08-28 19:32:07 - Archivo agregado a la cola: archivo_59.txt
2026-08-28 19:32:07 - Archivo agregado a la cola: archivo_43.txt
2026-08-28 19:32:07 - Archivo agregado a la cola: archivo_19.txt
2026-08-28 19:32:07 - Archivo agregado a la cola: archivo_42.txt
2026-08-28 19:32:07 - Procesado correctamente: archivo_26.txt
2026-08-28 19:32:07 - Procesado correctamente: archivo_54.txt
2026-08-28 19:32:07 - Archivo agregado a la cola: archivo_57.txt
2026-08-28 19:32:07 - Procesado correctamente: archivo_35.txt
2026-08-28 19:32:07 - Procesado correctamente: archivo_11.txt
2026-08-28 19:32:07 - Procesado correctamente: archivo_1.txt
2026-08-28 19:32:07 - Procesado correctamente: archivo_95.txt
2026-08-28 19:32:07 - Archivo agregado a la cola: archivo_80.txt
2026-08-28 19:32:07 - Archivo agregado a la cola: archivo_79.txt
2026-08-28 19:32:07 - Archivo agregado a la cola: archivo_92.txt
2026-08-28 19:32:07 - Archivo agregado a la cola: archivo_70.txt
2026-08-28 19:32:07 - Archivo agregado a la cola: archivo_58.txt
2026-08-28 19:32:07 - Archivo agregado a la cola: archivo_4.txt
2026-08-28 19:32:07 - Archivo agregado a la cola: archivo_93.txt
2026-08-28 19:32:07 - Archivo agregado a la cola: archivo_16.txt
2026-08-28 19:32:07 - Archivo agregado a la cola: archivo_20.txt
2026-08-28 19:32:07 - Archivo agregado a la cola: archivo_40.txt
2026-08-28 19:32:07 - Archivo agregado a la cola: archivo_98.txt
2026-08-28 19:32:07 - Archivo agregado a la cola: archivo_17.txt
2026-08-28 19:32:07 - Archivo agregado a la cola: archivo_25.txt
2026-08-28 19:32:07 - Archivo agregado a la cola: archivo_72.txt
2026-08-28 19:32:07 - Archivo agregado a la cola: archivo_82.txt
2026-08-28 19:32:07 - Archivo agregado a la cola: archivo_88.txt
2026-08-28 19:32:07 - Archivo agregado a la cola: archivo_75.txt
2026-08-28 19:32:07 - Archivo agregado a la cola: archivo_41.txt
2026-08-28 19:32:07 - Archivo agregado a la cola: archivo_89.txt
2026-08-28 19:32:07 - Archivo agregado a la cola: archivo_36.txt
2026-08-28 19:32:07 - Procesado correctamente: archivo_99.txt
2026-08-28 19:32:07 - Procesado correctamente: archivo_23.txt
2026-08-28 19:32:07 - Procesado correctamente: archivo_69.txt
2026-08-28 19:32:07 - Archivo agregado a la cola: archivo_34.txt
2026-08-28 19:32:07 - Archivo agregado a la cola: archivo_71.txt
2026-08-28 19:32:07 - Archivo agregado a la cola: archivo_94.txt
2026-08-28 19:32:07 - Procesado correctamente: archivo_51.txt
2026-08-28 19:32:07 - Procesado correctamente: archivo_21.txt
2026-08-28 19:32:07 - Archivo agregado a la cola: archivo_96.txt
2026-08-28 19:32:07 - Archivo agregado a la cola: archivo_87.txt
2026-08-28 19:32:07 - Archivo agregado a la cola: archivo_29.txt
2026-08-28 19:32:07 - Archivo agregado a la cola: archivo_37.txt
2026-08-28 19:32:07 - Archivo agregado a la cola: archivo_65.txt
2026-08-28 19:32:07 - Archivo agregado a la cola: archivo_22.txt
2026-08-28 19:32:07 - Archivo agregado a la cola: archivo_14.txt
2026-08-28 19:32:07 - Archivo agregado a la cola: archivo_12.txt
2026-08-28 19:32:07 - Archivo agregado a la cola: archivo_32.txt
2026-08-28 19:32:07 - Archivo agregado a la cola: archivo_61.txt
2026-08-28 19:32:07 - Archivo agregado a la cola: archivo_24.txt
2026-08-28 19:32:07 - Archivo agregado a la cola: archivo_76.txt
2026-08-28 19:32:07 - Archivo agregado a la cola: archivo_52.txt
2026-08-28 19:32:07 - Archivo agregado a la cola: archivo_78.txt
2026-08-28 19:32:07 - Archivo agregado a la cola: archivo_77.txt
2026-08-28 19:32:07 - Archivo agregado a la cola: archivo_100.txt
2026-08-28 19:32:07 - Archivo agregado a la cola: archivo_86.txt
2026-08-28 19:32:07 - Archivo agregado a la cola: archivo_13.txt
2026-08-28 19:32:07 - Archivo agregado a la cola: archivo_31.txt
2026-08-28 19:32:07 - Procesado correctamente: archivo_49.txt
2026-08-28 19:32:07 - Archivo agregado a la cola: archivo_3.txt
2026-08-28 19:32:07 - Archivo agregado a la cola: archivo_8.txt
2026-08-28 19:32:07 - Archivo agregado a la cola: archivo_30.txt
2026-08-28 19:32:07 - Archivo agregado a la cola: archivo_91.txt
2026-08-28 19:32:07 - Archivo agregado a la cola: archivo_60.txt
2026-08-28 19:32:07 - Archivo agregado a la cola: archivo_53.txt
2026-08-28 19:32:07 - Archivo agregado a la cola: archivo_64.txt
2026-08-28 19:32:07 - Archivo agregado a la cola: archivo_15.txt
2026-08-28 19:32:07 - Archivo agregado a la cola: archivo_62.txt
2026-08-28 19:32:07 - Archivo agregado a la cola: archivo_47.txt
2026-08-28 19:32:07 - Archivo agregado a la cola: archivo_81.txt
2026-08-28 19:32:07 - Archivo agregado a la cola: archivo_74.txt
2026-08-28 19:32:07 - Archivo agregado a la cola: archivo_67.txt
2026-08-28 19:32:07 - Archivo agregado a la cola: archivo_55.txt
2026-08-28 19:32:07 - Archivo agregado a la cola: archivo_85.txt
2026-08-28 19:32:07 - Archivo agregado a la cola: archivo_38.txt
2026-08-28 19:32:07 - Archivo agregado a la cola: archivo_56.txt
2026-08-28 19:32:07 - Archivo agregado a la cola: archivo_45.txt
2026-08-28 19:32:07 - Procesado correctamente: archivo_46.txt
2026-08-28 19:32:07 - Procesado correctamente: archivo_5.txt
2026-08-28 19:32:07 - Procesado correctamente: archivo_33.txt
2026-08-28 19:32:07 - Procesado correctamente: archivo_84.txt
2026-08-28 19:32:07 - Procesado correctamente: archivo_50.txt
2026-08-28 19:32:07 - Procesado correctamente: archivo_63.txt
2026-08-28 19:32:07 - Procesado correctamente: archivo_10.txt
2026-08-28 19:32:07 - Procesado correctamente: archivo_48.txt
2026-08-28 19:32:07 - Procesado correctamente: archivo_66.txt
2026-08-28 19:32:07 - Procesado correctamente: archivo_73.txt
2026-08-28 19:32:07 - Procesado correctamente: archivo_9.txt
2026-08-28 19:32:07 - Procesado correctamente: archivo_90.txt
2026-08-28 19:32:07 - Procesado correctamente: archivo_28.txt
2026-08-28 19:32:07 - Procesado correctamente: archivo_7.txt
2026-08-28 19:32:07 - Procesado correctamente: archivo_6.txt
2026-08-28 19:32:07 - Procesado correctamente: archivo_83.txt
2026-08-28 19:32:07 - Procesado correctamente: archivo_2.txt
2026-08-28 19:32:07 - Procesado correctamente: archivo_27.txt
2026-08-28 19:32:07 - Procesado correctamente: archivo_68.txt
2026-08-28 19:32:07 - Procesado correctamente: archivo_59.txt
2026-08-28 19:32:07 - Procesado correctamente: archivo_39.txt
2026-08-28 19:32:07 - Procesado correctamente: archivo_19.txt
2026-08-28 19:32:07 - Procesado correctamente: archivo_57.txt
2026-08-28 19:32:07 - Procesado correctamente: archivo_42.txt
2026-08-28 19:32:07 - Procesado correctamente: archivo_80.txt
2026-08-28 19:32:07 - Procesado correctamente: archivo_43.txt
2026-08-28 19:32:07 - Procesado correctamente: archivo_92.txt
2026-08-28 19:32:07 - Procesado correctamente: archivo_79.txt
2026-08-28 19:32:07 - Procesado correctamente: archivo_58.txt
2026-08-28 19:32:07 - Procesado correctamente: archivo_93.txt
2026-08-28 19:32:07 - Procesado correctamente: archivo_16.txt
2026-08-28 19:32:07 - Procesado correctamente: archivo_4.txt
2026-08-28 19:32:07 - Procesado correctamente: archivo_20.txt
2026-08-28 19:32:07 - Procesado correctamente: archivo_98.txt
2026-08-28 19:32:07 - Procesado correctamente: archivo_40.txt
2026-08-28 19:32:07 - Procesado correctamente: archivo_70.txt
2026-08-28 19:32:07 - Procesado correctamente: archivo_17.txt
2026-08-28 19:32:07 - Procesado correctamente: archivo_25.txt
2026-08-28 19:32:07 - Procesado correctamente: archivo_82.txt
2026-08-28 19:32:07 - Procesado correctamente: archivo_75.txt
2026-08-28 19:32:07 - Procesado correctamente: archivo_88.txt
2026-08-28 19:32:07 - Procesado correctamente: archivo_41.txt
2026-08-28 19:32:07 - Procesado correctamente: archivo_89.txt
2026-08-28 19:32:07 - Procesado correctamente: archivo_34.txt
2026-08-28 19:32:07 - Procesado correctamente: archivo_71.txt
2026-08-28 19:32:07 - Procesado correctamente: archivo_36.txt
2026-08-28 19:32:07 - Procesado correctamente: archivo_96.txt
2026-08-28 19:32:07 - Procesado correctamente: archivo_94.txt
2026-08-28 19:32:07 - Procesado correctamente: archivo_87.txt
2026-08-28 19:32:07 - Procesado correctamente: archivo_29.txt
2026-08-28 19:32:07 - Procesado correctamente: archivo_37.txt
2026-08-28 19:32:07 - Procesado correctamente: archivo_65.txt
2026-08-28 19:32:07 - Procesado correctamente: archivo_72.txt
2026-08-28 19:32:07 - Procesado correctamente: archivo_14.txt
2026-08-28 19:32:07 - Procesado correctamente: archivo_22.txt
2026-08-28 19:32:07 - Procesado correctamente: archivo_12.txt
2026-08-28 19:32:07 - Procesado correctamente: archivo_24.txt
2026-08-28 19:32:07 - Procesado correctamente: archivo_32.txt
2026-08-28 19:32:07 - Procesado correctamente: archivo_61.txt
2026-08-28 19:32:07 - Procesado correctamente: archivo_76.txt
2026-08-28 19:32:07 - Procesado correctamente: archivo_52.txt
2026-08-28 19:32:07 - Procesado correctamente: archivo_100.txt
2026-08-28 19:32:07 - Procesado correctamente: archivo_78.txt
2026-08-28 19:32:07 - Procesado correctamente: archivo_77.txt
2026-08-28 19:32:07 - Procesado correctamente: archivo_13.txt
2026-08-28 19:32:07 - Procesado correctamente: archivo_86.txt
2026-08-28 19:32:07 - Procesado correctamente: archivo_31.txt
2026-08-28 19:32:07 - Procesado correctamente: archivo_8.txt
2026-08-28 19:32:07 - Procesado correctamente: archivo_3.txt
2026-08-28 19:32:07 - Procesado correctamente: archivo_30.txt
2026-08-28 19:32:07 - Procesado correctamente: archivo_60.txt
2026-08-28 19:32:07 - Procesado correctamente: archivo_53.txt
2026-08-28 19:32:07 - Procesado correctamente: archivo_15.txt
2026-08-28 19:32:07 - Procesado correctamente: archivo_91.txt
2026-08-28 19:32:07 - Procesado correctamente: archivo_64.txt
2026-08-28 19:32:07 - Procesado correctamente: archivo_47.txt
2026-08-28 19:32:07 - Procesado correctamente: archivo_62.txt
2026-08-28 19:32:07 - Procesado correctamente: archivo_74.txt
2026-08-28 19:32:07 - Procesado correctamente: archivo_55.txt
2026-08-28 19:32:07 - Procesado correctamente: archivo_81.txt
2026-08-28 19:32:07 - Procesado correctamente: archivo_85.txt
2026-08-28 19:32:07 - Procesado correctamente: archivo_38.txt
2026-08-28 19:32:07 - Procesado correctamente: archivo_56.txt
2026-08-28 19:32:07 - Procesado correctamente: archivo_45.txt
2026-08-28 19:32:07 - Procesado correctamente: archivo_67.txt
2026-08-28 19:32:07 - Ejecución finalizada correctamente
2026-08-28 19:33:07 - Archivo agregado a la cola: archivo_44.txt
2026-08-28 19:33:07 - Archivo agregado a la cola: archivo_97.txt
2026-08-28 19:33:07 - Archivo agregado a la cola: archivo_18.txt
2026-08-28 19:33:07 - Archivo agregado a la cola: archivo_35.txt
2026-08-28 19:33:07 - Archivo agregado a la cola: archivo_54.txt
2026-08-28 19:33:07 - Archivo agregado a la cola: archivo_26.txt
2026-08-28 19:33:07 - Archivo agregado a la cola: archivo_11.txt
2026-08-28 19:33:07 - Archivo agregado a la cola: archivo_1.txt
2026-08-28 19:33:07 - Archivo agregado a la cola: archivo_95.txt
2026-08-28 19:33:07 - Archivo agregado a la cola: archivo_99.txt
2026-08-28 19:33:07 - Archivo agregado a la cola: archivo_23.txt
2026-08-28 19:33:07 - Archivo agregado a la cola: archivo_69.txt
2026-08-28 19:33:07 - Archivo agregado a la cola: archivo_51.txt
2026-08-28 19:33:07 - Archivo agregado a la cola: archivo_49.txt
2026-08-28 19:33:07 - Archivo agregado a la cola: archivo_21.txt
2026-08-28 19:33:07 - Archivo agregado a la cola: archivo_46.txt
2026-08-28 19:33:07 - Archivo agregado a la cola: archivo_5.txt
2026-08-28 19:33:07 - Archivo agregado a la cola: archivo_33.txt
2026-08-28 19:33:07 - Archivo agregado a la cola: archivo_84.txt
2026-08-28 19:33:07 - Archivo agregado a la cola: archivo_63.txt
2026-08-28 19:33:07 - Archivo agregado a la cola: archivo_50.txt
2026-08-28 19:33:07 - Archivo agregado a la cola: archivo_48.txt
2026-08-28 19:33:07 - Archivo agregado a la cola: archivo_10.txt
2026-08-28 19:33:07 - Archivo agregado a la cola: archivo_66.txt
2026-08-28 19:33:07 - Archivo agregado a la cola: archivo_7.txt
2026-08-28 19:33:07 - Archivo agregado a la cola: archivo_9.txt
2026-08-28 19:33:07 - Archivo agregado a la cola: archivo_73.txt
2026-08-28 19:33:07 - Archivo agregado a la cola: archivo_90.txt
2026-08-28 19:33:07 - Archivo agregado a la cola: archivo_28.txt
2026-08-28 19:33:07 - Archivo agregado a la cola: archivo_83.txt
2026-08-28 19:33:07 - Archivo agregado a la cola: archivo_6.txt
2026-08-28 19:33:07 - Archivo agregado a la cola: archivo_68.txt
2026-08-28 19:33:07 - Archivo agregado a la cola: archivo_27.txt
2026-08-28 19:33:07 - Archivo agregado a la cola: archivo_2.txt
2026-08-28 19:33:07 - Archivo agregado a la cola: archivo_39.txt
2026-08-28 19:33:07 - Archivo agregado a la cola: archivo_59.txt
2026-08-28 19:33:07 - Archivo agregado a la cola: archivo_43.txt
2026-08-28 19:33:07 - Archivo agregado a la cola: archivo_19.txt
2026-08-28 19:33:07 - Archivo agregado a la cola: archivo_42.txt
2026-08-28 19:33:07 - Archivo agregado a la cola: archivo_57.txt
2026-08-28 19:33:07 - Archivo agregado a la cola: archivo_80.txt
2026-08-28 19:33:07 - Archivo agregado a la cola: archivo_79.txt
2026-08-28 19:33:07 - Archivo agregado a la cola: archivo_92.txt
2026-08-28 19:33:07 - Archivo agregado a la cola: archivo_70.txt
2026-08-28 19:33:07 - Archivo agregado a la cola: archivo_58.txt
2026-08-28 19:33:07 - Archivo agregado a la cola: archivo_4.txt
2026-08-28 19:33:07 - Archivo agregado a la cola: archivo_93.txt
2026-08-28 19:33:07 - Archivo agregado a la cola: archivo_16.txt
2026-08-28 19:33:07 - Archivo agregado a la cola: archivo_20.txt
2026-08-28 19:33:07 - Archivo agregado a la cola: archivo_40.txt
2026-08-28 19:33:07 - Archivo agregado a la cola: archivo_98.txt
2026-08-28 19:33:07 - Archivo agregado a la cola: archivo_17.txt
2026-08-28 19:33:07 - Archivo agregado a la cola: archivo_25.txt
2026-08-28 19:33:07 - Archivo agregado a la cola: archivo_72.txt
2026-08-28 19:33:07 - Archivo agregado a la cola: archivo_82.txt
2026-08-28 19:33:07 - Archivo agregado a la cola: archivo_88.txt
2026-08-28 19:33:07 - Archivo agregado a la cola: archivo_75.txt
2026-08-28 19:33:07 - Archivo agregado a la cola: archivo_41.txt
2026-08-28 19:33:07 - Archivo agregado a la cola: archivo_89.txt
2026-08-28 19:33:07 - Archivo agregado a la cola: archivo_36.txt
2026-08-28 19:33:07 - Archivo agregado a la cola: archivo_34.txt
2026-08-28 19:33:07 - Archivo agregado a la cola: archivo_71.txt
2026-08-28 19:33:07 - Archivo agregado a la cola: archivo_94.txt
2026-08-28 19:33:07 - Archivo agregado a la cola: archivo_96.txt
2026-08-28 19:33:07 - Archivo agregado a la cola: archivo_87.txt
2026-08-28 19:33:07 - Archivo agregado a la cola: archivo_29.txt
2026-08-28 19:33:07 - Archivo agregado a la cola: archivo_37.txt
2026-08-28 19:33:07 - Archivo agregado a la cola: archivo_65.txt
2026-08-28 19:33:07 - Archivo agregado a la cola: archivo_22.txt
2026-08-28 19:33:07 - Archivo agregado a la cola: archivo_14.txt
2026-08-28 19:33:07 - Archivo agregado a la cola: archivo_12.txt
2026-08-28 19:33:07 - Archivo agregado a la cola: archivo_32.txt
2026-08-28 19:33:07 - Archivo agregado a la cola: archivo_61.txt
2026-08-28 19:33:07 - Archivo agregado a la cola: archivo_24.txt
2026-08-28 19:33:07 - Archivo agregado a la cola: archivo_76.txt
2026-08-28 19:33:07 - Archivo agregado a la cola: archivo_52.txt
2026-08-28 19:33:07 - Archivo agregado a la cola: archivo_78.txt
2026-08-28 19:33:07 - Archivo agregado a la cola: archivo_77.txt
2026-08-28 19:33:07 - Archivo agregado a la cola: archivo_100.txt
2026-08-28 19:33:07 - Archivo agregado a la cola: archivo_86.txt
2026-08-28 19:33:07 - Archivo agregado a la cola: archivo_13.txt
2026-08-28 19:33:07 - Archivo agregado a la cola: archivo_31.txt
2026-08-28 19:33:07 - Archivo agregado a la cola: archivo_3.txt
2026-08-28 19:33:07 - Archivo agregado a la cola: archivo_8.txt
2026-08-28 19:33:07 - Archivo agregado a la cola: archivo_30.txt
2026-08-28 19:33:07 - Archivo agregado a la cola: archivo_91.txt
2026-08-28 19:33:07 - Archivo agregado a la cola: archivo_60.txt
2026-08-28 19:33:07 - Archivo agregado a la cola: archivo_53.txt
2026-08-28 19:33:07 - Archivo agregado a la cola: archivo_64.txt
2026-08-28 19:33:07 - Archivo agregado a la cola: archivo_15.txt
2026-08-28 19:33:07 - Archivo agregado a la cola: archivo_62.txt
2026-08-28 19:33:07 - Archivo agregado a la cola: archivo_47.txt
2026-08-28 19:33:07 - Archivo agregado a la cola: archivo_81.txt
2026-08-28 19:33:07 - Archivo agregado a la cola: archivo_74.txt
2026-08-28 19:33:07 - Archivo agregado a la cola: archivo_67.txt
2026-08-28 19:33:07 - Archivo agregado a la cola: archivo_55.txt
2026-08-28 19:33:07 - Archivo agregado a la cola: archivo_85.txt
2026-08-28 19:33:07 - Archivo agregado a la cola: archivo_38.txt
2026-08-28 19:33:07 - Archivo agregado a la cola: archivo_56.txt
2026-08-28 19:33:07 - Archivo agregado a la cola: archivo_45.txt
2026-08-28 19:33:12 - Procesado correctamente: archivo_97.txt
2026-08-28 19:33:12 - Procesado correctamente: archivo_44.txt
2026-08-28 19:33:12 - Procesado correctamente: archivo_18.txt
2026-08-28 19:33:17 - Procesado correctamente: archivo_54.txt
2026-08-28 19:33:17 - Procesado correctamente: archivo_26.txt
2026-08-28 19:33:17 - Procesado correctamente: archivo_35.txt
2026-08-28 19:33:22 - Procesado correctamente: archivo_11.txt
2026-08-28 19:33:22 - Procesado correctamente: archivo_95.txt
2026-08-28 19:33:22 - Procesado correctamente: archivo_1.txt
2026-08-28 19:33:27 - Procesado correctamente: archivo_99.txt
2026-08-28 19:33:27 - Procesado correctamente: archivo_69.txt
2026-08-28 19:33:27 - Procesado correctamente: archivo_23.txt
2026-08-28 19:33:54 - Archivo agregado a la cola: archivo_44.txt
2026-08-28 19:33:54 - Archivo agregado a la cola: archivo_97.txt
2026-08-28 19:33:54 - Archivo agregado a la cola: archivo_18.txt
2026-08-28 19:33:54 - Archivo agregado a la cola: archivo_35.txt
2026-08-28 19:33:54 - Archivo agregado a la cola: archivo_54.txt
2026-08-28 19:33:54 - Archivo agregado a la cola: archivo_26.txt
2026-08-28 19:33:54 - Archivo agregado a la cola: archivo_11.txt
2026-08-28 19:33:54 - Archivo agregado a la cola: archivo_1.txt
2026-08-28 19:33:54 - Archivo agregado a la cola: archivo_95.txt
2026-08-28 19:33:54 - Archivo agregado a la cola: archivo_99.txt
2026-08-28 19:33:54 - Archivo agregado a la cola: archivo_23.txt
2026-08-28 19:33:54 - Archivo agregado a la cola: archivo_69.txt
2026-08-28 19:33:54 - Archivo agregado a la cola: archivo_51.txt
2026-08-28 19:33:54 - Archivo agregado a la cola: archivo_49.txt
2026-08-28 19:33:54 - Archivo agregado a la cola: archivo_21.txt
2026-08-28 19:33:54 - Archivo agregado a la cola: archivo_46.txt
2026-08-28 19:33:54 - Archivo agregado a la cola: archivo_5.txt
2026-08-28 19:33:54 - Archivo agregado a la cola: archivo_33.txt
2026-08-28 19:33:54 - Archivo agregado a la cola: archivo_84.txt
2026-08-28 19:33:54 - Archivo agregado a la cola: archivo_63.txt
2026-08-28 19:33:54 - Archivo agregado a la cola: archivo_50.txt
2026-08-28 19:33:54 - Archivo agregado a la cola: archivo_48.txt
2026-08-28 19:33:54 - Archivo agregado a la cola: archivo_10.txt
2026-08-28 19:33:54 - Archivo agregado a la cola: archivo_66.txt
2026-08-28 19:33:54 - Archivo agregado a la cola: archivo_7.txt
2026-08-28 19:33:54 - Archivo agregado a la cola: archivo_9.txt
2026-08-28 19:33:54 - Archivo agregado a la cola: archivo_73.txt
2026-08-28 19:33:54 - Archivo agregado a la cola: archivo_90.txt
2026-08-28 19:33:54 - Archivo agregado a la cola: archivo_28.txt
2026-08-28 19:33:54 - Archivo agregado a la cola: archivo_83.txt
2026-08-28 19:33:54 - Archivo agregado a la cola: archivo_6.txt
2026-08-28 19:33:54 - Archivo agregado a la cola: archivo_68.txt
2026-08-28 19:33:54 - Archivo agregado a la cola: archivo_27.txt
2026-08-28 19:33:54 - Archivo agregado a la cola: archivo_2.txt
2026-08-28 19:33:54 - Archivo agregado a la cola: archivo_39.txt
2026-08-28 19:33:54 - Archivo agregado a la cola: archivo_59.txt
2026-08-28 19:33:54 - Archivo agregado a la cola: archivo_43.txt
2026-08-28 19:33:54 - Archivo agregado a la cola: archivo_19.txt
2026-08-28 19:33:54 - Archivo agregado a la cola: archivo_42.txt
2026-08-28 19:33:54 - Archivo agregado a la cola: archivo_57.txt
2026-08-28 19:33:54 - Archivo agregado a la cola: archivo_80.txt
2026-08-28 19:33:54 - Archivo agregado a la cola: archivo_79.txt
2026-08-28 19:33:54 - Archivo agregado a la cola: archivo_92.txt
2026-08-28 19:33:54 - Archivo agregado a la cola: archivo_70.txt
2026-08-28 19:33:54 - Archivo agregado a la cola: archivo_58.txt
2026-08-28 19:33:54 - Archivo agregado a la cola: archivo_4.txt
2026-08-28 19:33:54 - Archivo agregado a la cola: archivo_93.txt
2026-08-28 19:33:54 - Archivo agregado a la cola: archivo_16.txt
2026-08-28 19:33:54 - Archivo agregado a la cola: archivo_20.txt
2026-08-28 19:33:54 - Archivo agregado a la cola: archivo_40.txt
2026-08-28 19:33:54 - Archivo agregado a la cola: archivo_98.txt
2026-08-28 19:33:54 - Archivo agregado a la cola: archivo_17.txt
2026-08-28 19:33:54 - Archivo agregado a la cola: archivo_25.txt
2026-08-28 19:33:54 - Archivo agregado a la cola: archivo_72.txt
2026-08-28 19:33:54 - Archivo agregado a la cola: archivo_82.txt
2026-08-28 19:33:54 - Archivo agregado a la cola: archivo_88.txt
2026-08-28 19:33:54 - Archivo agregado a la cola: archivo_75.txt
2026-08-28 19:33:54 - Archivo agregado a la cola: archivo_41.txt
2026-08-28 19:33:54 - Archivo agregado a la cola: archivo_89.txt
2026-08-28 19:33:54 - Archivo agregado a la cola: archivo_36.txt
2026-08-28 19:33:54 - Archivo agregado a la cola: archivo_34.txt
2026-08-28 19:33:54 - Archivo agregado a la cola: archivo_71.txt
2026-08-28 19:33:54 - Archivo agregado a la cola: archivo_94.txt
2026-08-28 19:33:54 - Archivo agregado a la cola: archivo_96.txt
2026-08-28 19:33:54 - Archivo agregado a la cola: archivo_87.txt
2026-08-28 19:33:54 - Archivo agregado a la cola: archivo_29.txt
2026-08-28 19:33:54 - Archivo agregado a la cola: archivo_37.txt
2026-08-28 19:33:54 - Archivo agregado a la cola: archivo_65.txt
2026-08-28 19:33:54 - Archivo agregado a la cola: archivo_22.txt
2026-08-28 19:33:54 - Archivo agregado a la cola: archivo_14.txt
2026-08-28 19:33:54 - Archivo agregado a la cola: archivo_12.txt
2026-08-28 19:33:54 - Archivo agregado a la cola: archivo_32.txt
2026-08-28 19:33:54 - Archivo agregado a la cola: archivo_61.txt
2026-08-28 19:33:54 - Archivo agregado a la cola: archivo_24.txt
2026-08-28 19:33:54 - Archivo agregado a la cola: archivo_76.txt
2026-08-28 19:33:54 - Archivo agregado a la cola: archivo_52.txt
2026-08-28 19:33:54 - Archivo agregado a la cola: archivo_78.txt
2026-08-28 19:33:54 - Archivo agregado a la cola: archivo_77.txt
2026-08-28 19:33:54 - Archivo agregado a la cola: archivo_100.txt
2026-08-28 19:33:54 - Archivo agregado a la cola: archivo_86.txt
2026-08-28 19:33:54 - Archivo agregado a la cola: archivo_13.txt
2026-08-28 19:33:54 - Archivo agregado a la cola: archivo_31.txt
2026-08-28 19:33:54 - Archivo agregado a la cola: archivo_3.txt
2026-08-28 19:33:54 - Archivo agregado a la cola: archivo_8.txt
2026-08-28 19:33:54 - Archivo agregado a la cola: archivo_30.txt
2026-08-28 19:33:54 - Archivo agregado a la cola: archivo_91.txt
2026-08-28 19:33:54 - Archivo agregado a la cola: archivo_60.txt
2026-08-28 19:33:54 - Archivo agregado a la cola: archivo_53.txt
2026-08-28 19:33:54 - Archivo agregado a la cola: archivo_64.txt
2026-08-28 19:33:54 - Archivo agregado a la cola: archivo_15.txt
2026-08-28 19:33:54 - Archivo agregado a la cola: archivo_62.txt
2026-08-28 19:33:54 - Archivo agregado a la cola: archivo_47.txt
2026-08-28 19:33:54 - Archivo agregado a la cola: archivo_81.txt
2026-08-28 19:33:54 - Archivo agregado a la cola: archivo_74.txt
2026-08-28 19:33:54 - Archivo agregado a la cola: archivo_67.txt
2026-08-28 19:33:54 - Archivo agregado a la cola: archivo_55.txt
2026-08-28 19:33:54 - Archivo agregado a la cola: archivo_85.txt
2026-08-28 19:33:54 - Archivo agregado a la cola: archivo_38.txt
2026-08-28 19:33:54 - Archivo agregado a la cola: archivo_56.txt
2026-08-28 19:33:54 - Archivo agregado a la cola: archivo_45.txt
2026-08-28 19:34:09 - Archivo agregado a la cola: archivo_44.txt
2026-08-28 19:34:09 - Archivo agregado a la cola: archivo_97.txt
2026-08-28 19:34:09 - Archivo agregado a la cola: archivo_18.txt
2026-08-28 19:34:09 - Archivo agregado a la cola: archivo_35.txt
2026-08-28 19:34:09 - Archivo agregado a la cola: archivo_54.txt
2026-08-28 19:34:09 - Archivo agregado a la cola: archivo_26.txt
2026-08-28 19:34:09 - Archivo agregado a la cola: archivo_11.txt
2026-08-28 19:34:09 - Archivo agregado a la cola: archivo_1.txt
2026-08-28 19:34:09 - Archivo agregado a la cola: archivo_95.txt
2026-08-28 19:34:09 - Archivo agregado a la cola: archivo_99.txt
2026-08-28 19:34:09 - Archivo agregado a la cola: archivo_23.txt
2026-08-28 19:34:09 - Archivo agregado a la cola: archivo_69.txt
2026-08-28 19:34:09 - Archivo agregado a la cola: archivo_51.txt
2026-08-28 19:34:09 - Archivo agregado a la cola: archivo_49.txt
2026-08-28 19:34:09 - Archivo agregado a la cola: archivo_21.txt
2026-08-28 19:34:09 - Archivo agregado a la cola: archivo_46.txt
2026-08-28 19:34:09 - Archivo agregado a la cola: archivo_5.txt
2026-08-28 19:34:09 - Archivo agregado a la cola: archivo_33.txt
2026-08-28 19:34:09 - Archivo agregado a la cola: archivo_84.txt
2026-08-28 19:34:09 - Procesado correctamente: archivo_97.txt
2026-08-28 19:34:09 - Procesado correctamente: archivo_18.txt
2026-08-28 19:34:09 - Procesado correctamente: archivo_44.txt
2026-08-28 19:34:09 - Procesado correctamente: archivo_54.txt
2026-08-28 19:34:09 - Procesado correctamente: archivo_35.txt
2026-08-28 19:34:09 - Archivo agregado a la cola: archivo_63.txt
2026-08-28 19:34:09 - Archivo agregado a la cola: archivo_50.txt
2026-08-28 19:34:09 - Procesado correctamente: archivo_26.txt
2026-08-28 19:34:09 - Procesado correctamente: archivo_11.txt
2026-08-28 19:34:09 - Procesado correctamente: archivo_95.txt
2026-08-28 19:34:09 - Archivo agregado a la cola: archivo_48.txt
2026-08-28 19:34:09 - Procesado correctamente: archivo_1.txt
2026-08-28 19:34:09 - Procesado correctamente: archivo_99.txt
2026-08-28 19:34:09 - Procesado correctamente: archivo_23.txt
2026-08-28 19:34:09 - Archivo agregado a la cola: archivo_10.txt
2026-08-28 19:34:09 - Archivo agregado a la cola: archivo_66.txt
2026-08-28 19:34:09 - Archivo agregado a la cola: archivo_7.txt
2026-08-28 19:34:09 - Archivo agregado a la cola: archivo_9.txt
2026-08-28 19:34:09 - Archivo agregado a la cola: archivo_73.txt
2026-08-28 19:34:09 - Archivo agregado a la cola: archivo_90.txt
2026-08-28 19:34:09 - Archivo agregado a la cola: archivo_28.txt
2026-08-28 19:34:09 - Archivo agregado a la cola: archivo_83.txt
2026-08-28 19:34:09 - Archivo agregado a la cola: archivo_6.txt
2026-08-28 19:34:09 - Procesado correctamente: archivo_69.txt
2026-08-28 19:34:09 - Procesado correctamente: archivo_51.txt
2026-08-28 19:34:09 - Procesado correctamente: archivo_49.txt
2026-08-28 19:34:09 - Archivo agregado a la cola: archivo_68.txt
2026-08-28 19:34:09 - Archivo agregado a la cola: archivo_27.txt
2026-08-28 19:34:09 - Archivo agregado a la cola: archivo_2.txt
2026-08-28 19:34:09 - Archivo agregado a la cola: archivo_39.txt
2026-08-28 19:34:09 - Archivo agregado a la cola: archivo_59.txt
2026-08-28 19:34:09 - Archivo agregado a la cola: archivo_43.txt
2026-08-28 19:34:09 - Archivo agregado a la cola: archivo_19.txt
2026-08-28 19:34:09 - Procesado correctamente: archivo_21.txt
2026-08-28 19:34:09 - Procesado correctamente: archivo_46.txt
2026-08-28 19:34:09 - Procesado correctamente: archivo_5.txt
2026-08-28 19:34:09 - Archivo agregado a la cola: archivo_42.txt
2026-08-28 19:34:09 - Archivo agregado a la cola: archivo_57.txt
2026-08-28 19:34:09 - Archivo agregado a la cola: archivo_80.txt
2026-08-28 19:34:09 - Archivo agregado a la cola: archivo_79.txt
2026-08-28 19:34:09 - Archivo agregado a la cola: archivo_92.txt
2026-08-28 19:34:09 - Archivo agregado a la cola: archivo_70.txt
2026-08-28 19:34:09 - Archivo agregado a la cola: archivo_58.txt
2026-08-28 19:34:09 - Archivo agregado a la cola: archivo_4.txt
2026-08-28 19:34:09 - Archivo agregado a la cola: archivo_93.txt
2026-08-28 19:34:09 - Archivo agregado a la cola: archivo_16.txt
2026-08-28 19:34:09 - Archivo agregado a la cola: archivo_20.txt
2026-08-28 19:34:09 - Archivo agregado a la cola: archivo_40.txt
2026-08-28 19:34:09 - Procesado correctamente: archivo_84.txt
2026-08-28 19:34:09 - Archivo agregado a la cola: archivo_98.txt
2026-08-28 19:34:09 - Archivo agregado a la cola: archivo_17.txt
2026-08-28 19:34:09 - Procesado correctamente: archivo_33.txt
2026-08-28 19:34:09 - Procesado correctamente: archivo_63.txt
2026-08-28 19:34:09 - Procesado correctamente: archivo_50.txt
2026-08-28 19:34:09 - Archivo agregado a la cola: archivo_25.txt
2026-08-28 19:34:09 - Archivo agregado a la cola: archivo_72.txt
2026-08-28 19:34:09 - Archivo agregado a la cola: archivo_82.txt
2026-08-28 19:34:09 - Archivo agregado a la cola: archivo_88.txt
2026-08-28 19:34:09 - Archivo agregado a la cola: archivo_75.txt
2026-08-28 19:34:09 - Procesado correctamente: archivo_48.txt
2026-08-28 19:34:09 - Procesado correctamente: archivo_66.txt
2026-08-28 19:34:09 - Procesado correctamente: archivo_9.txt
2026-08-28 19:34:09 - Archivo agregado a la cola: archivo_41.txt
2026-08-28 19:34:09 - Archivo agregado a la cola: archivo_89.txt
2026-08-28 19:34:09 - Archivo agregado a la cola: archivo_36.txt
2026-08-28 19:34:09 - Archivo agregado a la cola: archivo_34.txt
2026-08-28 19:34:09 - Procesado correctamente: archivo_10.txt
2026-08-28 19:34:09 - Procesado correctamente: archivo_7.txt
2026-08-28 19:34:09 - Archivo agregado a la cola: archivo_71.txt
2026-08-28 19:34:09 - Archivo agregado a la cola: archivo_94.txt
2026-08-28 19:34:09 - Archivo agregado a la cola: archivo_96.txt
2026-08-28 19:34:09 - Archivo agregado a la cola: archivo_87.txt
2026-08-28 19:34:09 - Archivo agregado a la cola: archivo_29.txt
2026-08-28 19:34:09 - Archivo agregado a la cola: archivo_37.txt
2026-08-28 19:34:09 - Archivo agregado a la cola: archivo_65.txt
2026-08-28 19:34:09 - Archivo agregado a la cola: archivo_22.txt
2026-08-28 19:34:09 - Archivo agregado a la cola: archivo_14.txt
2026-08-28 19:34:09 - Archivo agregado a la cola: archivo_12.txt
2026-08-28 19:34:09 - Archivo agregado a la cola: archivo_32.txt
2026-08-28 19:34:09 - Archivo agregado a la cola: archivo_61.txt
2026-08-28 19:34:09 - Archivo agregado a la cola: archivo_24.txt
2026-08-28 19:34:09 - Archivo agregado a la cola: archivo_76.txt
2026-08-28 19:34:09 - Archivo agregado a la cola: archivo_52.txt
2026-08-28 19:34:09 - Archivo agregado a la cola: archivo_78.txt
2026-08-28 19:34:09 - Archivo agregado a la cola: archivo_77.txt
2026-08-28 19:34:09 - Archivo agregado a la cola: archivo_100.txt
2026-08-28 19:34:09 - Archivo agregado a la cola: archivo_86.txt
2026-08-28 19:34:09 - Archivo agregado a la cola: archivo_13.txt
2026-08-28 19:34:09 - Archivo agregado a la cola: archivo_31.txt
2026-08-28 19:34:09 - Archivo agregado a la cola: archivo_3.txt
2026-08-28 19:34:09 - Archivo agregado a la cola: archivo_8.txt
2026-08-28 19:34:09 - Archivo agregado a la cola: archivo_30.txt
2026-08-28 19:34:09 - Archivo agregado a la cola: archivo_91.txt
2026-08-28 19:34:09 - Archivo agregado a la cola: archivo_60.txt
2026-08-28 19:34:09 - Archivo agregado a la cola: archivo_53.txt
2026-08-28 19:34:09 - Archivo agregado a la cola: archivo_64.txt
2026-08-28 19:34:09 - Archivo agregado a la cola: archivo_15.txt
2026-08-28 19:34:09 - Procesado correctamente: archivo_73.txt
2026-08-28 19:34:09 - Archivo agregado a la cola: archivo_62.txt
2026-08-28 19:34:09 - Procesado correctamente: archivo_90.txt
2026-08-28 19:34:09 - Procesado correctamente: archivo_28.txt
2026-08-28 19:34:09 - Archivo agregado a la cola: archivo_47.txt
2026-08-28 19:34:09 - Archivo agregado a la cola: archivo_81.txt
2026-08-28 19:34:09 - Archivo agregado a la cola: archivo_74.txt
2026-08-28 19:34:09 - Archivo agregado a la cola: archivo_67.txt
2026-08-28 19:34:09 - Archivo agregado a la cola: archivo_55.txt
2026-08-28 19:34:09 - Archivo agregado a la cola: archivo_85.txt
2026-08-28 19:34:09 - Archivo agregado a la cola: archivo_38.txt
2026-08-28 19:34:09 - Archivo agregado a la cola: archivo_56.txt
2026-08-28 19:34:09 - Archivo agregado a la cola: archivo_45.txt
2026-08-28 19:34:09 - Procesado correctamente: archivo_83.txt
2026-08-28 19:34:09 - Procesado correctamente: archivo_6.txt
2026-08-28 19:34:09 - Procesado correctamente: archivo_27.txt
2026-08-28 19:34:09 - Procesado correctamente: archivo_68.txt
2026-08-28 19:34:09 - Procesado correctamente: archivo_2.txt
2026-08-28 19:34:09 - Procesado correctamente: archivo_59.txt
2026-08-28 19:34:09 - Procesado correctamente: archivo_43.txt
2026-08-28 19:34:09 - Procesado correctamente: archivo_39.txt
2026-08-28 19:34:09 - Procesado correctamente: archivo_57.txt
2026-08-28 19:34:09 - Procesado correctamente: archivo_19.txt
2026-08-28 19:34:09 - Procesado correctamente: archivo_80.txt
2026-08-28 19:34:09 - Procesado correctamente: archivo_42.txt
2026-08-28 19:34:09 - Procesado correctamente: archivo_79.txt
2026-08-28 19:34:09 - Procesado correctamente: archivo_70.txt
2026-08-28 19:34:09 - Procesado correctamente: archivo_58.txt
2026-08-28 19:34:09 - Procesado correctamente: archivo_4.txt
2026-08-28 19:34:09 - Procesado correctamente: archivo_92.txt
2026-08-28 19:34:09 - Procesado correctamente: archivo_16.txt
2026-08-28 19:34:09 - Procesado correctamente: archivo_20.txt
2026-08-28 19:34:09 - Procesado correctamente: archivo_40.txt
2026-08-28 19:34:09 - Procesado correctamente: archivo_93.txt
2026-08-28 19:34:09 - Procesado correctamente: archivo_25.txt
2026-08-28 19:34:09 - Procesado correctamente: archivo_17.txt
2026-08-28 19:34:09 - Procesado correctamente: archivo_72.txt
2026-08-28 19:34:09 - Procesado correctamente: archivo_98.txt
2026-08-28 19:34:09 - Procesado correctamente: archivo_88.txt
2026-08-28 19:34:09 - Procesado correctamente: archivo_41.txt
2026-08-28 19:34:09 - Procesado correctamente: archivo_82.txt
2026-08-28 19:34:09 - Procesado correctamente: archivo_89.txt
2026-08-28 19:34:09 - Procesado correctamente: archivo_34.txt
2026-08-28 19:34:09 - Procesado correctamente: archivo_36.txt
2026-08-28 19:34:09 - Procesado correctamente: archivo_71.txt
2026-08-28 19:34:09 - Procesado correctamente: archivo_94.txt
2026-08-28 19:34:09 - Procesado correctamente: archivo_96.txt
2026-08-28 19:34:09 - Procesado correctamente: archivo_87.txt
2026-08-28 19:34:09 - Procesado correctamente: archivo_29.txt
2026-08-28 19:34:09 - Procesado correctamente: archivo_75.txt
2026-08-28 19:34:09 - Procesado correctamente: archivo_65.txt
2026-08-28 19:34:09 - Procesado correctamente: archivo_37.txt
2026-08-28 19:34:09 - Procesado correctamente: archivo_14.txt
2026-08-28 19:34:09 - Procesado correctamente: archivo_32.txt
2026-08-28 19:34:09 - Procesado correctamente: archivo_12.txt
2026-08-28 19:34:09 - Procesado correctamente: archivo_22.txt
2026-08-28 19:34:09 - Procesado correctamente: archivo_61.txt
2026-08-28 19:34:09 - Procesado correctamente: archivo_52.txt
2026-08-28 19:34:09 - Procesado correctamente: archivo_78.txt
2026-08-28 19:34:09 - Procesado correctamente: archivo_76.txt
2026-08-28 19:34:09 - Procesado correctamente: archivo_24.txt
2026-08-28 19:34:09 - Procesado correctamente: archivo_86.txt
2026-08-28 19:34:09 - Procesado correctamente: archivo_100.txt
2026-08-28 19:34:09 - Procesado correctamente: archivo_77.txt
2026-08-28 19:34:09 - Procesado correctamente: archivo_3.txt
2026-08-28 19:34:09 - Procesado correctamente: archivo_8.txt
2026-08-28 19:34:09 - Procesado correctamente: archivo_13.txt
2026-08-28 19:34:09 - Procesado correctamente: archivo_31.txt
2026-08-28 19:34:09 - Procesado correctamente: archivo_91.txt
2026-08-28 19:34:09 - Procesado correctamente: archivo_53.txt
2026-08-28 19:34:09 - Procesado correctamente: archivo_30.txt
2026-08-28 19:34:09 - Procesado correctamente: archivo_64.txt
2026-08-28 19:34:09 - Procesado correctamente: archivo_15.txt
2026-08-28 19:34:09 - Procesado correctamente: archivo_60.txt
2026-08-28 19:34:09 - Procesado correctamente: archivo_47.txt
2026-08-28 19:34:09 - Procesado correctamente: archivo_74.txt
2026-08-28 19:34:09 - Procesado correctamente: archivo_62.txt
2026-08-28 19:34:09 - Procesado correctamente: archivo_55.txt
2026-08-28 19:34:09 - Procesado correctamente: archivo_81.txt
2026-08-28 19:34:09 - Procesado correctamente: archivo_67.txt
2026-08-28 19:34:09 - Procesado correctamente: archivo_38.txt
2026-08-28 19:34:09 - Procesado correctamente: archivo_56.txt
2026-08-28 19:34:09 - Procesado correctamente: archivo_85.txt
2026-08-28 19:34:09 - Procesado correctamente: archivo_45.txt
2026-08-28 19:34:09 - Ejecución finalizada correctamente
